–õ–∞–±–æ—Ä–∞—Ç–æ—Ä–Ω–∞ —Ä–æ–±–æ—Ç–∞ ‚Ññ6.
–ó–∞–≤–¥–∞–Ω–Ω—è: 26. (**) –î–∞–Ω–æ –¥–≤–æ–≤–∏–º—ñ—Ä–Ω–∏–π –º–∞—Å–∏–≤ –∑ ùëÅ √ó ùëÅ —Ü—ñ–ª–∏—Ö —á–∏—Å–µ–ª. –ü–æ–º–Ω–æ–∂–∏—Ç–∏ –º–∞—Ç—Ä–∏—Ü—é —Å–∞–º—É –Ω–∞ —Å–µ–±–µ
(–≤—ñ–¥–ø–æ–≤—ñ–¥–Ω–æ –¥–æ –ø—Ä–∞–≤–∏–ª –º–Ω–æ–∂–µ–Ω–Ω—è –º–∞—Ç—Ä–∏—Ü—å).
1.–ó–∞–¥–∞–≤ –∫–æ–Ω—Å—Ç–∞—Ç–Ω—É S = 3 (—è–∫–∞ –≤–∫–∞–∑—É—î –Ω–∞ —Ä–æ–∑–º—ñ—Ä –Ω–∞—à–æ—ó –º–∞—Ç—Ä–∏—Ü—ñ);

2.–ü—Ä–æ—ñ–Ω—ñ—Ü—ñ–ª—é–≤–∞–≤ –º–∞—Å–∏–≤,—è–∫–∏–π –±—É–¥–µ –º–Ω–æ–∂–∏—Ç–∏—Å—è —Å–∞–º –Ω–∞ —Å–µ–±–µ:
 int matrix[S][S] = {
        {1,3,5},
        {3,2,1},
        {2,2,2},
 };

3. –ü—Ä–æ—ñ–Ω—ñ—Ü—ñ–ª—é–≤–∞–≤ –º–∞—Å–∏–≤ –≤ —è–∫–æ–º—É –±—É–¥–µ —Ä–µ–∑—É–ª—å—Ç–∞—Ç:
int multiMatrix[S][S] = {};
4.–ó–∞–ø–æ–≤–Ω–∏–≤ –º–∞—Å–∏–≤, —è–∫–∏–π –±—É–¥–µ –º–Ω–æ–∂–∏—Ç–∏—Å—è —Å–∞–º –Ω–∞ —Å–µ–±–µ:
for (int i = 0; i < S; i++){
          for (int j = 0; j < S; j++){
     
5.–ó—Ä–æ–±–∏–≤ —Ü–∏–∫–ª, –≤–≤—ñ–≤ –Ω–æ–≤–µ –∑–Ω–∞—á–µ–Ω–Ω—è k –¥–ª—è —Ç–æ–≥–æ, —â–æ–± –ø–æ–º–Ω–æ–∂–∏—Ç–∏ —Å—Ç—Ä–æ–∫–∏ –Ω–∞ —Å—Ç–æ–≤–ø—á–∏–∫–∏:
for (int k = 0; k < S; k++) {
 multiMatrix[i][j] += (matrix[i][k]* matrix[k][j]);
6. –û—á—ñ–∫—É–≤–∞–Ω–∏–π —Ä–µ–∑—É–ª—å—Ç–∞—Ç –ø–æ–≤–∏–Ω–µ–Ω –±—É—Ç–∏: 
  [0] = ([0] = 20, [1] = 19, [2] = 18, [3] = 23)
  [1] = ([0] = 11, [1] = 15, [2] = 19, [3] = 13)
  [2] = ([0] = 12, [1] = 14, [2] = 16, [3] = 14)
7.–∫–æ–º–ø—ñ–ª—é—î–º–æ —Ç–∞ –∑–∞–ø—É—Å–∫–∞—î–º–æ —Ç–∞ –ø–µ–µ–≤—ñ—Ä—è—î–º–æ:
‚îå‚îÄ‚îÄ(kali„âøkali)-[~/programing-naumenko/lab06/srs]
‚îî‚îÄ$ lldb main.bin
(lldb) target create "main.bin"
Current executable set to '/home/kali/programing-naumenko/lab06/srs/main.bin' (x86_64).
(lldb) l 1
   1    int main()
   2    {
   3    #define S 3
   4         int matrix[S][S] = {
   5            {1,3,5},
   6            {3,2,1},
   7            {2,2,2},
   8     };
   9         int multiMatrix[S][S] = {};
   10        for (int i = 0; i < S; i++) {
(lldb) l
   11             for (int j = 0; j < S; j++) {
   12                 for (int k = 0; k < S; k++) {
   13    multiMatrix[i][j] += (matrix[i][k]* matrix[k][j]);
   14             }
   15         }
   16     }
   17   return 0;
   18   }
(lldb) b 17
Breakpoint 1: where = main.bin`main + 325 at main.c:17:1, address = 0x0000000000401285
(lldb) r 
Process 32718 launched: '/home/kali/programing-naumenko/lab06/srs/main.bin' (x86_64)
Process 32718 stopped
* thread #1, name = 'main.bin', stop reason = breakpoint 1.1
    frame #0: 0x0000000000401285 main.bin`main at main.c:17:1
   14             }
   15         }
   16     }
-> 17   return 0;
   18   }
(lldb) vr
error: 'vr' is not a valid command.
(lldb) fr v
(int [4][4]) matrix = {
  [0] = ([0] = 1, [1] = 3, [2] = 5, [3] = 2)
  [1] = ([0] = 3, [1] = 2, [2] = 1, [3] = 2)
  [2] = ([0] = 2, [1] = 2, [2] = 2, [3] = 3)
  [3] = ([0] = 0, [1] = 0, [2] = 0, [3] = 0)
}
(int [4][4]) multiMatrix = {
  [0] = ([0] = 20, [1] = 19, [2] = 18, [3] = 23)
  [1] = ([0] = 11, [1] = 15, [2] = 19, [3] = 13)
  [2] = ([0] = 12, [1] = 14, [2] = 16, [3] = 14)
  [3] = ([0] = 0, [1] = 0, [2] = 0, [3] = 0)

–ë–∞—á–∏–º–æ,—â–æ –º–∞—Ç—Ä–∏—Ü—è –ø–æ–º–Ω–æ–∂–∏–ª–∞—Å—è —Å–∞–º–∞ –Ω–∞ —Å–µ–±–µ –≤—ñ—Ä–Ω–æ - –≤—ñ–¥–ø–æ–≤—ñ–¥–Ω–æ –¥–æ –ø—Ä–∞–≤–∏–ª –º–Ω–æ–∂–µ–Ω–Ω—è –º–∞—Ç—Ä–∏—Ü—å, –æ—á—ñ–∫—É–≤–∞–Ω–∏–π —Ä–µ–∑—É–ª—å—Ç–∞—Ç —Å–ø—ñ–ø–∞–¥–∞—î –∑ –æ—Ç—Ä–∏–º–∞–Ω–∏–º. –ü—Ä–æ–≥—Ä–∞–º–∞ –ø—Ä–∞—Ü—é—î —Å–ø—Ä–∞–≤–Ω–æ
–í–∏—Å–Ω–æ–≤–æ–∫: –í —Ö–æ–¥—ñ –ª–∞–±–æ—Ä–∞—Ç–æ—Ä–Ω–æ—ó —Ä–æ–±–æ—Ç–∏ —è –Ω–∞–≤—á–∏–≤—Å—è –ø—Ä–∞—Ü—é–≤–∞—Ç–∏ –∑ –º–∞—Å–∏–≤–∞–º–∏, –∞ —Å–∞–º–µ: –∑–∞–ø–æ–≤–Ω—é–≤–∞—Ç–∏ —Ç–∞ –ø—Ä–∞—Ü—é–≤–∞—Ç–∏ –∑ –π–æ–≥–æ –µ–ª–µ–º–µ–Ω—Ç–∞–º–∏.
